
> worline-by-pao@0.2.0 build
> next build

โ–ฒ Next.js 16.2.1 (Turbopack)
- Environments: .env.local

node.exe : โ The "middleware" file convention is deprecated. Please use "proxy" instead. Learn more: 
https://nextjs.org/docs/messages/middleware-to-proxy
At line:1 char:1
+ & "C:\Program Files\nodejs/node.exe" "C:\Program Files\nodejs/node_mo ...
+ ~~~~~~~~~~~~~~~~~~~~~~~~~~~~~~~~~~~~~~~~~~~~~~~~~~~~~~~~~~~~~~~~~~~~~
    + CategoryInfo          : NotSpecified: (โ The "middle...leware-to-proxy:String) [], RemoteExce  
  ption
    + FullyQualifiedErrorId : NativeCommandError
 
  Creating an optimized production build ...
โ“ Compiled successfully in 5.1s
  Running TypeScript ...
  Finished TypeScript in 8.2s ...
  Collecting page data using 11 workers ...
  Generating static pages using 11 workers (0/23) ...
  Generating static pages using 11 workers (5/23) 
  Generating static pages using 11 workers (11/23) 
  Generating static pages using 11 workers (17/23) 
โ“ Generating static pages using 11 workers (23/23) in 437ms
  Finalizing page optimization ...

Route (app)
โ” โ— /
โ” ฦ’ /admin
โ” ฦ’ /api/checkout
โ” ฦ’ /api/health
โ” ฦ’ /api/projects/share
โ” ฦ’ /api/stripe/checkout
โ” ฦ’ /api/stripe/webhook
โ” ฦ’ /app
โ” ฦ’ /app/projects
โ” ฦ’ /app/projects/[id]
โ” ฦ’ /app/settings
โ” ฦ’ /app/settings/billing
โ” ฦ’ /app/settings/profile
โ” ฦ’ /app/templates
โ” ฦ’ /auth/callback
โ” โ— /features
โ” โ— /forgot-password
โ” โ— /guide
โ” โ— /login
โ” โ— /misconfigured
โ” โ— /_not-found
โ” โ— /pricing
โ” โ— /privacy
โ” โ— /reset-password
โ” โ— /robots.txt
โ” ฦ’ /share/[id]
โ” โ— /signup
โ” โ— /sitemap.xml
โ”” โ— /terms


ฦ’ Proxy (Middleware)

โ—  (Static)   prerendered as static content
ฦ’  (Dynamic)  server-rendered on demand

